---
source: tests/tui_tests.rs
expression: output
---
                                                                                
                                                                                
  ┌──────────────────────────────────────────────────────────────────────────┐  
  │Hive Status Dashboard                                                     │  
  └──────────────────────────────────────────────────────────────────────────┘  
  ┌Drones────────────────────────────────────────────────────────────────────┐  
  │test-drone           in_progress        2/5 ( 40%)                        │  
  │                                                                          │  
  │                                                                          │  
  │                                                                          │  
  │                                                                          │  
  │                                                                          │  
  │                                                                          │  
  │                                                                          │  
  │                                                                          │  
  │                                                                          │  
  │                                                                          │  
  │                                                                          │  
  └──────────────────────────────────────────────────────────────────────────┘  
  ┌──────────────────────────────────────────────────────────────────────────┐  
  │Press 'q' to quit                                                         │  
  └──────────────────────────────────────────────────────────────────────────┘
