---
source: tests/tui_tests.rs
expression: output
---
                                                                                
                                                                                
  ┌──────────────────────────────────────────────────────────────────────────┐  
  │Drone: test-drone                                                         │  
  └──────────────────────────────────────────────────────────────────────────┘  
  ┌Status────────────────────────────────────────────────────────────────────┐  
  │Status: in_progress                                                       │  
  │Progress: 2/5 (40%)                                                       │  
  │Branch: hive/test-drone                                                   │  
  └──────────────────────────────────────────────────────────────────────────┘  
  ┌Current───────────────────────────────────────────────────────────────────┐  
  │Working on: STORY-3                                                       │  
  └──────────────────────────────────────────────────────────────────────────┘  
  ┌Completed Stories─────────────────────────────────────────────────────────┐  
  │✓ STORY-1                                                                 │  
  │✓ STORY-2                                                                 │  
  │                                                                          │  
  │                                                                          │  
  └──────────────────────────────────────────────────────────────────────────┘  
  ┌──────────────────────────────────────────────────────────────────────────┐  
  │Press 'q' to quit, 'j/k' to navigate                                      │  
  └──────────────────────────────────────────────────────────────────────────┘
