---
source: tests/tui_tests.rs
expression: output
---
                                                                                
 ┌Session─────────────────────────────────────────────────────────────────────┐ 
 │Content with searchable text...                                             │ 
 │                                                                            │ 
 │                                                                            │ 
 └────────────────────────────────────────────────────────────────────────────┘ 
 ┌Search (2 results)──────────────────────────────────────────────────────────┐ 
 │Search: API                                                                 │ 
 └────────────────────────────────────────────────────────────────────────────┘
